PHPUnit 12.5.33 by Sebastian Bergmann and contributors.
Available tests:
 - P\Tests\Unit\ExampleTest::__pest_evaluable_that_true_is_true
 - P\Tests\Feature\Auth\AuthenticationTest::__pest_evaluable_login_screen_can_be_rendered
 - P\Tests\Feature\Auth\AuthenticationTest::__pest_evaluable_users_can_authenticate_using_the_login_screen
 - P\Tests\Feature\Auth\AuthenticationTest::__pest_evaluable_users_can_not_authenticate_with_invalid_password
 - P\Tests\Feature\Auth\AuthenticationTest::__pest_evaluable_users_can_logout
 - P\Tests\Feature\Auth\EmailVerificationTest::__pest_evaluable_email_verification_screen_can_be_rendered
 - P\Tests\Feature\Auth\EmailVerificationTest::__pest_evaluable_email_can_be_verified
 - P\Tests\Feature\Auth\EmailVerificationTest::__pest_evaluable_email_is_not_verified_with_invalid_hash
 - P\Tests\Feature\Auth\PasswordConfirmationTest::__pest_evaluable_confirm_password_screen_can_be_rendered
 - P\Tests\Feature\Auth\PasswordConfirmationTest::__pest_evaluable_password_can_be_confirmed
 - P\Tests\Feature\Auth\PasswordConfirmationTest::__pest_evaluable_password_is_not_confirmed_with_invalid_password
 - P\Tests\Feature\Auth\PasswordResetTest::__pest_evaluable_reset_password_link_screen_can_be_rendered
 - P\Tests\Feature\Auth\PasswordResetTest::__pest_evaluable_reset_password_link_can_be_requested
 - P\Tests\Feature\Auth\PasswordResetTest::__pest_evaluable_reset_password_screen_can_be_rendered
 - P\Tests\Feature\Auth\PasswordResetTest::__pest_evaluable_password_can_be_reset_with_valid_token
 - P\Tests\Feature\Auth\PasswordUpdateTest::__pest_evaluable_password_can_be_updated
 - P\Tests\Feature\Auth\PasswordUpdateTest::__pest_evaluable_correct_password_must_be_provided_to_update_password
 - P\Tests\Feature\Auth\RegistrationTest::__pest_evaluable_registration_screen_can_be_rendered
 - P\Tests\Feature\Auth\RegistrationTest::__pest_evaluable_new_users_can_register
 - P\Tests\Feature\ExampleTest::__pest_evaluable_it_returns_a_successful_response
 - P\Tests\Feature\ProfileTest::__pest_evaluable_profile_page_is_displayed
 - P\Tests\Feature\ProfileTest::__pest_evaluable_profile_information_can_be_updated
 - P\Tests\Feature\ProfileTest::__pest_evaluable_email_verification_status_is_unchanged_when_the_email_address_is_unchanged
 - P\Tests\Feature\ProfileTest::__pest_evaluable_user_can_delete_their_account
 - P\Tests\Feature\ProfileTest::__pest_evaluable_correct_password_must_be_provided_to_delete_account
